
== single ==
  S1: det=True P=0.995 cert=True | tol alpha=14.3 beta=76.2 noise=15.1 | thr err @±30% ct: 41.0/-22.6%
  S2: det=False P=0.000 cert=False | tol alpha=0 beta=0 noise=0 | thr err @±30% ct: 39.8/-22.1%
  S3: det=True P=0.585 cert=False | tol alpha=0.8 beta=15.3 noise=8.2 | thr err @±30% ct: 41.8/-22.7%
  S4: det=True P=1.000 cert=True | tol alpha=24.0 beta=83.8 noise=29.0 | thr err @±30% ct: 41.4/-22.7%
  fatigue_alpha: false-accept {'0.1': ['S3'], '0.2': ['S1', 'S3'], '0.3': ['S1', 'S3', 'S4']} | false-reject -
  fatigue_beta: false-accept {'-0.3': ['S3'], '-0.2': ['S3']} | false-reject -
  noise_coeffs: false-accept {'0.1': ['S3'], '0.2': ['S1', 'S3'], '0.3': ['S1', 'S3', 'S4']} | false-reject -
  cycle_times: false-accept - | false-reject -
  sensor S1: true fat 0.350/0.4 guard@σ0.01/0.02/0.05 = 0%/1%/16% | noise 77.8/80.0 guard@σ0.5/1/2 = 0%/1%/14%
  sensor S2: true fat 0.591/0.4 guard@σ0.01/0.02/0.05 = 100%/100%/100% | noise 83.8/80.0 guard@σ0.5/1/2 = 100%/100%/97%
  sensor S3: true fat 0.397/0.4 guard@σ0.01/0.02/0.05 = 38%/44%/48% | noise 78.7/80.0 guard@σ0.5/1/2 = 0%/9%/26%
  sensor S4: true fat 0.323/0.4 guard@σ0.01/0.02/0.05 = 0%/0%/6% | noise 76.1/80.0 guard@σ0.5/1/2 = 0%/0%/2%

== factory ==
  FS1: det=True P=0.990 cert=True | tol alpha=3.7 beta=17.1 noise=14.2 | thr err @±30% ct: 41.0/-22.4%
  FS2: det=False P=0.000 cert=False | tol alpha=0 beta=0 noise=0 | thr err @±30% ct: 36.8/-21.3%
  FS3: det=True P=1.000 cert=True | tol alpha=15.0 beta=77.0 noise=24.0 | thr err @±30% ct: 40.8/-22.4%
  FS4: det=True P=0.970 cert=True | tol alpha=3.0 beta=41.8 noise=9.3 | thr err @±30% ct: 40.9/-22.4%
  fatigue_alpha: false-accept {'0.1': ['FS1', 'FS4'], '0.2': ['FS1', 'FS3', 'FS4'], '0.3': ['FS1', 'FS3', 'FS4']} | false-reject -
  fatigue_beta: false-accept {'-0.3': ['FS1'], '-0.2': ['FS1']} | false-reject -
  noise_coeffs: false-accept {'0.1': ['FS4'], '0.2': ['FS1', 'FS4'], '0.3': ['FS1', 'FS3', 'FS4']} | false-reject -
  cycle_times: false-accept - | false-reject -
  sensor FS1: true fat 0.338/0.35 guard@σ0.01/0.02/0.05 = 10%/27%/40% | noise 80.0/82.0 guard@σ0.5/1/2 = 0%/2%/16%
  sensor FS2: true fat 0.818/0.4 guard@σ0.01/0.02/0.05 = 100%/100%/100% | noise 86.8/82.0 guard@σ0.5/1/2 = 100%/100%/99%
  sensor FS3: true fat 0.348/0.4 guard@σ0.01/0.02/0.05 = 0%/0%/15% | noise 78.8/82.0 guard@σ0.5/1/2 = 0%/0%/5%
  sensor FS4: true fat 0.388/0.4 guard@σ0.01/0.02/0.05 = 12%/27%/41% | noise 80.6/82.0 guard@σ0.5/1/2 = 0%/8%/24%
